[38468:50304:20260820,192052.118:ERROR filesystem_win.cc:130] GetFileAttributes X:\Temp\\AndroidEmulator\emu-crash-35.5.10.db\attachments\9343989c-7a8e-4679-b2ae-fab940bf1f09: Impossibile trovare il file specificato. (2)
INFO         | Android emulator version 35.5.10.0 (build_id 13402964) (CL:N/A)
INFO         | Graphics backend: gfxstream
INFO         | Found systemPath C:\Program Files (x86)\Android\android-sdk\system-images\android-33\google_apis_playstore\x86_64\
[58008:5376:20260820,192052.237:ERROR filesystem_win.cc:130] GetFileAttributes X:\Temp\\AndroidEmulator\emu-crash-35.5.10.db\attachments\9343989c-7a8e-4679-b2ae-fab940bf1f09: Impossibile trovare il file specificato. (2)
INFO         | Changing default hw.initialOrientation to portrait

INFO         | Increasing RAM size to 2048MB
INFO         | IPv4 server found: 10.0.1.45
INFO         | Ignore IPv6 address: a0f7:8959:2d01:0:a0f7:8959:2d01:0
INFO         | Ignore IPv6 address: a0f7:8959:2d01:0:a0f7:8959:2d01:0
INFO         | Ignore IPv6 address: a0f7:8959:2d01:0:a0f7:8959:2d01:0
INFO         | Ignore IPv6 address: d005:8a59:2d01:0:a0f7:8959:2d01:0
INFO         | Ignore IPv6 address: d005:8a59:2d01:0:a0f7:8959:2d01:0
INFO         | Ignore IPv6 address: d005:8a59:2d01:0:a0f7:8959:2d01:0
INFO         | Ignore IPv6 address: f80b:8a59:2d01:0:a0f7:8959:2d01:0
INFO         | Ignore IPv6 address: f80b:8a59:2d01:0:a0f7:8959:2d01:0
INFO         | Ignore IPv6 address: f80b:8a59:2d01:0:a0f7:8959:2d01:0
INFO         | Checking system compatibility:
INFO         |   Checking: hasCompatibleHypervisor
INFO         |      Ok: Hypervisor compatibility to run avd: `pixel_7_-_api_33_0` are met
INFO         |   Checking: hasSufficientSystem
INFO         |      Ok: System requirements to run avd: `pixel_7_-_api_33_0` are met
INFO         |   Checking: hasSufficientHwGpu
INFO         |      Ok: Hardware GPU requirements to run avd: `pixel_7_-_api_33_0` are passed
INFO         |   Checking: hasSufficientDiskSpace
INFO         |      Ok: Disk space requirements to run avd: `pixel_7_-_api_33_0` are met
INFO         | Warning: "Unable to open monitor interface to \\\\.\\DISPLAY1:" "Operazione completata." (:0, )
INFO         | Critical: Failed to load opengl32sw (Impossibile trovare il modulo specificato.) (:0, )
INFO         | Warning: Software OpenGL failed. Falling back to system OpenGL. (:0, )
INFO         | Warning: QMetaObject::connectSlotsByName: No matching signal for on_btn_xr_environment_living_room_day_clicked() (:0, )
INFO         | Warning: QMetaObject::connectSlotsByName: No matching signal for on_btn_xr_environment_living_room_night_clicked() (:0, )
INFO         | Warning: QMetaObject::connectSlotsByName: No matching signal for on_new_posture_requested(int) (:0, )
INFO         | Warning: QMetaObject::connectSlotsByName: No matching signal for on_dismiss_posture_selection_dialog() (:0, )
INFO         | Warning: QMetaObject::connectSlotsByName: No matching signal for on_new_resizable_requested(PresetEmulatorSizeType) (:0, )
INFO         | Warning: QMetaObject::connectSlotsByName: No matching signal for on_dismiss_resizable_dialog() (:0, )
INFO         | Warning: QMetaObject::connectSlotsByName: No matching signal for on_xr_environment_mode_changed(int) (:0, )
INFO         | Warning: QMetaObject::connectSlotsByName: No matching signal for on_dismiss_xr_environment_mode_dialog() (:0, )
INFO         | Warning: QMetaObject::connectSlotsByName: No matching signal for on_xr_input_mode_changed(int) (:0, )
INFO         | Warning: QMetaObject::connectSlotsByName: No matching signal for on_dismiss_xr_input_mode_dialog() (:0, )
INFO         | Warning: QMetaObject::connectSlotsByName: No matching signal for on_sleep_timer_done() (:0, )
INFO         | Warning: QMetaObject::connectSlotsByName: No matching signal for on_unfold_timer_done() (:0, )
INFO         | Storing crashdata in: X:\Temp\\AndroidEmulator\emu-crash-35.5.10.db, detection is enabled for process: 54372
  module_list[0].crashpad_annotations["sessionId"] (type = 1) = a49c291c-896a-4011-97fb-b405fa9a81bb
  module_list[0].crashpad_annotations["ro.build.fingerprint"] (type = 1) = ??
  module_list[0].crashpad_annotations["free_ram"] (type = 1) = 29485
  module_list[0].crashpad_annotations["cpu_cores"] (type = 1) = 16
  module_list[0].crashpad_annotations["PlayStore.enabled"] (type = 1) = true
  module_list[0].crashpad_annotations["hw.lcd.width"] (type = 1) = 1080
  module_list[0].crashpad_annotations["hw.ramSize"] (type = 1) = 1536
  module_list[0].crashpad_annotations["hw.lcd.height"] (type = 1) = 2400
  module_list[0].crashpad_annotations["hw.gpu.mode"] (type = 1) = auto
  module_list[0].crashpad_annotations["hw.sensor.hinge"] (type = 1) = ?
  module_list[0].crashpad_annotations["disk.dataPartition.size